Microchip MPLAB XC8 Compiler V2.30

Linker command line:

-W-3 --edf=C:\Program Files\Microchip\xc8\v2.30\pic\dat\en_msgs.txt -cn \
  -h+dist/default/production\Distance_Calculator.X.production.sym \
  --cmf=dist/default/production\Distance_Calculator.X.production.cmf -z \
  -Q18F45K22 -oC:\Users\azzedine\AppData\Local\Temp\s7gx2 \
  --defsym=__MPLAB_BUILD=1 \
  -Mdist/default/production/Distance_Calculator.X.production.map -E1 \
  -ver=XC8 Compiler --acfsm=1493 -ASTACK=015Dh-05FFh -pstack=STACK \
  -ACODE=00h-07FFFh -ACONST=00h-07FFFh -ASMALLCONST=0600h-06FFhx122 \
  -AMEDIUMCONST=0600h-07FFFh -ACOMRAM=01h-05Fh -AABS1=00h-05FFh \
  -ABIGRAM=01h-05FFh -ARAM=060h-0FFh,0100h-01FFhx5 -ABANK0=060h-0FFh \
  -ABANK1=0100h-01FFh -ABANK2=0200h-02FFh -ABANK3=0300h-03FFh \
  -ABANK4=0400h-04FFh -ABANK5=0500h-05FFh -ASFR=0F38h-0F5Fh,0F60h-0FFFh \
  -ACONFIG=0300000h-030000Dh -AIDLOC=0200000h-0200007h \
  -AEEDATA=0F00000h-0F000FFh -peeprom_data=EEDATA \
  -preset_vec=00h,intcode,intcodelo,powerup,init -pramtop=0600h \
  -psmallconst=SMALLCONST -pmediumconst=MEDIUMCONST -pconst=CONST \
  -AFARRAM=00h-00h \
  -prdata=COMRAM,nvrram=COMRAM,nvbit=COMRAM,rbss=COMRAM,rbit=COMRAM \
  -pfarbss=FARRAM,fardata=FARRAM,nvFARRAM=FARRAM \
  -pintsave_regs=BIGRAM,bigbss=BIGRAM,bigdata=BIGRAM -pbss=RAM \
  -pidata=CODE,irdata=CODE,ibigdata=CODE,ifardata=CODE -prparam=COMRAM \
  C:\Users\azzedine\AppData\Local\Temp\s7gxd.o \
  dist/default/production\Distance_Calculator.X.production.o 

Object code version is 3.11

Machine type is 18F45K22



                Name                               Link     Load   Length Selector   Space Scale
C:\Users\azzedine\AppData\Local\Temp\s7gxd.o
                idloc                            200000   200000        8        0       5
                config                           300000   300000        E        0       4
                init                                  0        0        4        0       0
dist/default/production\Distance_Calculator.X.production.o
                idloc                            200000   200000        8        0       5
                config                           300000   300000        E        0       4
                smallconst                          600      600       64      300       0
                text51                             57B4     57B4       5C      332       0
                text50                             5B4E     5B4E       20      332       0
                text49                             555E     555E       74      332       0
                text48                             55D2     55D2       66      332       0
                text47                             5A8A     5A8A       38      332       0
                text46                             54E0     54E0       7E      332       0
                text45                             41A6     41A6      1B4      332       0
                text44                             5B28     5B28       26      332       0
                text43                             5A52     5A52       38      332       0
                text42                             5810     5810       52      332       0
                text41                             435A     435A      190      332       0
                text40                             5B76     5B76        2     2DBB       0
                text39                             5132     5132       CA      332       0
                text38                             4F8A     4F8A       D8      332       0
                text37                             44EA     44EA      188      332       0
                text36                             47F8     47F8      164      332       0
                text35                             592E     592E       40      332       0
                text34                             58A8     58A8       44      332       0
                text33                             5AC2     5AC2       36      332       0
                text32                             51FC     51FC       C6      332       0
                text31                             33EA     33EA      2E4      332       0
                text30                             52C2     52C2       C4      332       0
                text29                             5386     5386       B0      332       0
                text28                             3050     3050      39A      332       0
                text27                             5436     5436       AA      332       0
                text26                             4C98     4C98      104      332       0
                text25                             2C26     2C26      42A      332       0
                text24                             5A1A     5A1A       38      332       0
                text23                             2766     2766      4C0      332       0
                text22                             5862     5862       46      332       0
                text21                             4B92     4B92      106      332       0
                text20                             4D9C     4D9C       FE      332       0
                text19                             39A8     39A8      212      332       0
                text18                             5758     5758       5C      332       0
                text17                             59E2     59E2       38      332       0
                text16                             569A     569A       60      332       0
                text15                             1B0E     1B0E      C58      332       0
                text14                             3FB6     3FB6      1F0      332       0
                text13                             4672     4672      186      332       0
                text12                             4A78     4A78      11A      332       0
                text11                             4E9A     4E9A       F0      332       0
                text10                             5062     5062       D0      332       0
                text9                              3BBA     3BBA      204      332       0
                text8                              596E     596E       3C      332       0
                text7                              59AA     59AA       38      332       0
                text6                              56FA     56FA       5E      332       0
                text5                              36CE     36CE      2DA      332       0
                text4                               664      664     14AA      332       0
                text3                              5638     5638       62      332       0
                text2                              495C     495C      11C      332       0
                text1                              5AF8     5AF8       30      332       0
                text0                              3DBE     3DBE      1F8      332       0
                cstackCOMRAM                          1        1       5E        1       1
                cstackBANK0                          60       60       79       60       1
                dataBANK1                           156      156        7      100       1
                bssBANK1                            100      100       56      100       1
                bssBANK0                             D9       D9       22       60       1
                cinit                              58EC     58EC       42      332       0
                idataBANK1                         5B6E     5B6E        7      332       0

TOTAL           Name                               Link     Load   Length     Space
        CLASS   STACK          

        CLASS   CODE           
                init                                  0        0        4         0
                text51                             57B4     57B4       5C         0
                text50                             5B4E     5B4E       20         0
                text49                             555E     555E       74         0
                text48                             55D2     55D2       66         0
                text47                             5A8A     5A8A       38         0
                text46                             54E0     54E0       7E         0
                text45                             41A6     41A6      1B4         0
                text44                             5B28     5B28       26         0
                text43                             5A52     5A52       38         0
                text42                             5810     5810       52         0
                text41                             435A     435A      190         0
                text40                             5B76     5B76        2         0
                text39                             5132     5132       CA         0
                text38                             4F8A     4F8A       D8         0
                text37                             44EA     44EA      188         0
                text36                             47F8     47F8      164         0
                text35                             592E     592E       40         0
                text34                             58A8     58A8       44         0
                text33                             5AC2     5AC2       36         0
                text32                             51FC     51FC       C6         0
                text31                             33EA     33EA      2E4         0
                text30                             52C2     52C2       C4         0
                text29                             5386     5386       B0         0
                text28                             3050     3050      39A         0
                text27                             5436     5436       AA         0
                text26                             4C98     4C98      104         0
                text25                             2C26     2C26      42A         0
                text24                             5A1A     5A1A       38         0
                text23                             2766     2766      4C0         0
                text22                             5862     5862       46         0
                text21                             4B92     4B92      106         0
                text20                             4D9C     4D9C       FE         0
                text19                             39A8     39A8      212         0
                text18                             5758     5758       5C         0
                text17                             59E2     59E2       38         0
                text16                             569A     569A       60         0
                text15                             1B0E     1B0E      C58         0
                text14                             3FB6     3FB6      1F0         0
                text13                             4672     4672      186         0
                text12                             4A78     4A78      11A         0
                text11                             4E9A     4E9A       F0         0
                text10                             5062     5062       D0         0
                text9                              3BBA     3BBA      204         0
                text8                              596E     596E       3C         0
                text7                              59AA     59AA       38         0
                text6                              56FA     56FA       5E         0
                text5                              36CE     36CE      2DA         0
                text4                               664      664     14AA         0
                text3                              5638     5638       62         0
                text2                              495C     495C      11C         0
                text1                              5AF8     5AF8       30         0
                text0                              3DBE     3DBE      1F8         0
                cinit                              58EC     58EC       42         0
                idataBANK1                         5B6E     5B6E        7         0

        CLASS   CONST          

        CLASS   SMALLCONST     
                smallconst                          600      600       64         0

        CLASS   MEDIUMCONST    

        CLASS   COMRAM         
                cstackCOMRAM                          1        1       5E         1

        CLASS   ABS1           

        CLASS   BIGRAM         

        CLASS   RAM            

        CLASS   BANK0          
                cstackBANK0                          60       60       79         1
                bssBANK0                             D9       D9       22         1

        CLASS   BANK1          
                dataBANK1                           156      156        7         1
                bssBANK1                            100      100       56         1

        CLASS   BANK2          

        CLASS   BANK3          

        CLASS   BANK4          

        CLASS   BANK5          

        CLASS   SFR            

        CLASS   CONFIG         
                config                           300000   300000        E         4

        CLASS   IDLOC          
                idloc                            200000   200000        8         5

        CLASS   EEDATA         

        CLASS   FARRAM         



SEGMENTS        Name                           Load    Length   Top    Selector   Space  Class

                reset_vec                      000000  000004  000004         0       0  CODE    
                cstackCOMRAM                   000001  00005E  00005F         1       1  COMRAM  
                cstackBANK0                    000060  00009B  0000FB        60       1  BANK0   
                bssBANK1                       000100  00005D  00015D       100       1  BANK1   
                smallconst                     000600  000064  000664       300       0  SMALLCON
                text4                          000664  005511  005B75       332       0  CODE    
                text40                         005B76  000002  005B78      2DBB       0  CODE    


UNUSED ADDRESS RANGES

        Name                Unused          Largest block    Delta
        BANK0            0000FB-0000FF                5
        BANK1            00015D-0001FF               A3
        BANK2            000200-0002FF              100
        BANK3            000300-0003FF              100
        BANK4            000400-0004FF              100
        BANK5            000500-0005FF              100
        BIGRAM           00005F-00005F                1
                         0000FB-0000FF                5
                         00015D-0005FF              4A3
        CODE             000004-0005FF              5FC
                         005B75-005B75                1
                         005B78-007FFF             2488
        COMRAM           00005F-00005F                1
        CONST            000004-0005FF              5FC
                         005B75-005B75                1
                         005B78-007FFF             2488
        EEDATA           F00000-F000FF              100
        MEDIUMCONST      005B75-005B75                1
                         005B78-007FFF             2488
        RAM              0000FB-0000FF                5
                         00015D-0005FF              100
        SFR              000F38-000FFF               28
        SMALLCONST       005B75-005B75                1
                         005B78-007FFF              100
        STACK            00015D-0005FF              4A3

                                  Symbol Table

?___aodiv                  cstackCOMRAM 000001
?___aomod                  cstackCOMRAM 000001
?___awdiv                  cstackCOMRAM 000001
?___awmod                  cstackCOMRAM 000001
?___fladd                  cstackCOMRAM 000001
?___fldiv                  cstackCOMRAM 000001
?___flmul                  cstackCOMRAM 00000F
?___flneg                  cstackCOMRAM 000001
?___flsub                  cstackCOMRAM 000028
?___fltol                  cstackCOMRAM 000001
?___fpclassifyf            cstackCOMRAM 000001
?___lodiv                  cstackCOMRAM 000001
?___lomod                  cstackCOMRAM 000001
?___wmul                   cstackCOMRAM 000001
?___xxtofl                 cstackCOMRAM 000001
?_abs                      cstackCOMRAM 000013
?_atoi                     cstackCOMRAM 000008
?_ctoa                     cstackCOMRAM 00000A
?_dtoa                     cstackCOMRAM 00001C
?_efgtoa                   cstackCOMRAM 000034
?_floorf                   cstackCOMRAM 00001A
?_isalpha                  cstackCOMRAM 000001
?_isdigit                  cstackCOMRAM 000001
?_islower                  cstackCOMRAM 000001
?_isspace                  cstackCOMRAM 000001
?_isupper                  cstackCOMRAM 000001
?_otoa                     cstackCOMRAM 00001C
?_pad                      cstackCOMRAM 000011
?_snprintf                 cstackBANK0  0000CB
?_stoa                     cstackCOMRAM 00000A
?_strlen                   cstackCOMRAM 000001
?_strncmp                  cstackCOMRAM 000001
?_tolower                  cstackCOMRAM 000007
?_toupper                  cstackCOMRAM 000007
?_utoa                     cstackCOMRAM 00001C
?_vfpfcnvrt                cstackCOMRAM 000043
?_vfprintf                 cstackCOMRAM 00004D
?_vsnprintf                cstackCOMRAM 000055
?_xtoa                     cstackCOMRAM 00001C
Lcd_Cmd@a                  cstackCOMRAM 000003
Lcd_Port@a                 cstackCOMRAM 000001
Lcd_Set_Cursor@a           cstackCOMRAM 000005
Lcd_Set_Cursor@b           cstackCOMRAM 000004
Lcd_Set_Cursor@temp        cstackCOMRAM 000008
Lcd_Set_Cursor@y           cstackCOMRAM 000007
Lcd_Set_Cursor@z           cstackCOMRAM 000006
Lcd_Write_Char@a           cstackCOMRAM 000004
Lcd_Write_Char@temp        cstackCOMRAM 000002
Lcd_Write_Char@y           cstackCOMRAM 000003
Lcd_Write_String@a         cstackCOMRAM 000005
Lcd_Write_String@i         cstackCOMRAM 000009
_ADCON0                    (abs)        000FC2
_ADCON0bits                (abs)        000FC2
_ADCON1bits                (abs)        000FC1
_ADCON2bits                (abs)        000FC0
_ADRESH                    (abs)        000FC4
_ADRESL                    (abs)        000FC3
_ANSELAbits                (abs)        000F38
_ANSELD                    (abs)        000F3B
_Lcd_Cmd                   text50       005B4E
_Lcd_Init                  text49       00555E
_Lcd_Port                  text51       0057B4
_Lcd_Set_Cursor            text48       0055D2
_Lcd_Write_Char            text47       005A8A
_Lcd_Write_String          text46       0054E0
_OSCCONbits                (abs)        000FD3
_PORTDbits                 (abs)        000F83
_TRISAbits                 (abs)        000F92
_TRISD                     (abs)        000F95
__HRAM                     (abs)        000000
__Habs1                    abs1         000000
__Hbank0                   bank0        000000
__Hbank1                   bank1        000000
__Hbank2                   bank2        000000
__Hbank3                   bank3        000000
__Hbank4                   bank4        000000
__Hbank5                   bank5        000000
__Hbigbss                  bigbss       000000
__Hbigdata                 bigdata      000000
__Hbigram                  bigram       000000
__Hbss                     bss          000000
__HbssBANK0                bssBANK0     000000
__HbssBANK1                bssBANK1     000000
__Hcinit                   cinit        000000
__Hclrtext                 clrtext      000000
__Hcomram                  comram       000000
__Hconfig                  config       30000E
__Hconst                   const        000000
__HcstackBANK0             cstackBANK0  000000
__HcstackCOMRAM            cstackCOMRAM 000000
__Hdata                    data         000000
__HdataBANK1               dataBANK1    000000
__Heeprom_data             eeprom_data  000000
__Hfarbss                  farbss       000000
__Hfardata                 fardata      000000
__Hibigdata                ibigdata     000000
__Hidata                   idata        000000
__HidataBANK1              idataBANK1   000000
__Hidloc                   idloc        200008
__Hifardata                ifardata     000000
__Hinit                    init         000004
__Hintcode                 intcode      000000
__Hintcode_body            intcode_body 000000
__Hintcodelo               intcodelo    000000
__Hintentry                intentry     000000
__Hintret                  intret       000000
__Hintsave_regs            intsave_regs 000000
__Hirdata                  irdata       000000
__Hmediumconst             mediumconst  000000
__HnvFARRAM                nvFARRAM     000000
__Hnvbit                   nvbit        000000
__Hnvrram                  nvrram       000000
__Hparam                   rparam       000000
__Hpowerup                 powerup      000000
__Hram                     ram          000000
__Hramtop                  ramtop       000600
__Hrbit                    rbit         000000
__Hrbss                    rbss         000000
__Hrdata                   rdata        000000
__Hreset_vec               reset_vec    000000
__Hrparam                  rparam       000000
__Hsfr                     sfr          000000
__Hsmallconst              smallconst   000664
__Hspace_0                 (abs)        005B78
__Hspace_1                 (abs)        00015D
__Hspace_2                 (abs)        000000
__Hspace_4                 (abs)        60000E
__Hstack                   stack        000000
__Hstruct                  struct       000000
__Htemp                    temp         000000
__Htext                    text         000000
__Htext0                   text0        000000
__Htext1                   text1        000000
__Htext10                  text10       000000
__Htext11                  text11       000000
__Htext12                  text12       000000
__Htext13                  text13       000000
__Htext14                  text14       000000
__Htext15                  text15       000000
__Htext16                  text16       000000
__Htext17                  text17       000000
__Htext18                  text18       000000
__Htext19                  text19       000000
__Htext2                   text2        000000
__Htext20                  text20       000000
__Htext21                  text21       000000
__Htext22                  text22       000000
__Htext23                  text23       000000
__Htext24                  text24       000000
__Htext25                  text25       000000
__Htext26                  text26       000000
__Htext27                  text27       000000
__Htext28                  text28       000000
__Htext29                  text29       000000
__Htext3                   text3        000000
__Htext30                  text30       000000
__Htext31                  text31       000000
__Htext32                  text32       000000
__Htext33                  text33       000000
__Htext34                  text34       000000
__Htext35                  text35       000000
__Htext36                  text36       000000
__Htext37                  text37       000000
__Htext38                  text38       000000
__Htext39                  text39       000000
__Htext4                   text4        000000
__Htext40                  text40       000000
__Htext41                  text41       000000
__Htext42                  text42       000000
__Htext43                  text43       000000
__Htext44                  text44       000000
__Htext45                  text45       000000
__Htext46                  text46       000000
__Htext47                  text47       000000
__Htext48                  text48       000000
__Htext49                  text49       000000
__Htext5                   text5        000000
__Htext50                  text50       000000
__Htext51                  text51       000000
__Htext6                   text6        000000
__Htext7                   text7        000000
__Htext8                   text8        000000
__Htext9                   text9        000000
__LRAM                     (abs)        000001
__Labs1                    abs1         000000
__Lbank0                   bank0        000000
__Lbank1                   bank1        000000
__Lbank2                   bank2        000000
__Lbank3                   bank3        000000
__Lbank4                   bank4        000000
__Lbank5                   bank5        000000
__Lbigbss                  bigbss       000000
__Lbigdata                 bigdata      000000
__Lbigram                  bigram       000000
__Lbss                     bss          000000
__LbssBANK0                bssBANK0     000000
__LbssBANK1                bssBANK1     000000
__Lcinit                   cinit        000000
__Lclrtext                 clrtext      000000
__Lcomram                  comram       000000
__Lconfig                  config       000000
__Lconst                   const        000000
__LcstackBANK0             cstackBANK0  000000
__LcstackCOMRAM            cstackCOMRAM 000000
__Ldata                    data         000000
__LdataBANK1               dataBANK1    000000
__Leeprom_data             eeprom_data  000000
__Lfarbss                  farbss       000000
__Lfardata                 fardata      000000
__Libigdata                ibigdata     000000
__Lidata                   idata        000000
__LidataBANK1              idataBANK1   000000
__Lidloc                   idloc        000000
__Lifardata                ifardata     000000
__Linit                    init         000000
__Lintcode                 intcode      000000
__Lintcode_body            intcode_body 000000
__Lintcodelo               intcodelo    000000
__Lintentry                intentry     000000
__Lintret                  intret       000000
__Lintsave_regs            intsave_regs 000000
__Lirdata                  irdata       000000
__Lmediumconst             mediumconst  000000
__LnvFARRAM                nvFARRAM     000000
__Lnvbit                   nvbit        000000
__Lnvrram                  nvrram       000000
__Lparam                   rparam       000000
__Lpowerup                 powerup      000000
__Lram                     ram          000000
__Lramtop                  ramtop       000600
__Lrbit                    rbit         000000
__Lrbss                    rbss         000000
__Lrdata                   rdata        000000
__Lreset_vec               reset_vec    000000
__Lrparam                  rparam       000000
__Lsfr                     sfr          000000
__Lsmallconst              smallconst   000600
__Lspace_0                 (abs)        000000
__Lspace_1                 (abs)        000000
__Lspace_2                 (abs)        000000
__Lspace_4                 (abs)        000000
__Lstack                   stack        000000
__Lstruct                  struct       000000
__Ltemp                    temp         000000
__Ltext                    text         000000
__Ltext0                   text0        000000
__Ltext1                   text1        000000
__Ltext10                  text10       000000
__Ltext11                  text11       000000
__Ltext12                  text12       000000
__Ltext13                  text13       000000
__Ltext14                  text14       000000
__Ltext15                  text15       000000
__Ltext16                  text16       000000
__Ltext17                  text17       000000
__Ltext18                  text18       000000
__Ltext19                  text19       000000
__Ltext2                   text2        000000
__Ltext20                  text20       000000
__Ltext21                  text21       000000
__Ltext22                  text22       000000
__Ltext23                  text23       000000
__Ltext24                  text24       000000
__Ltext25                  text25       000000
__Ltext26                  text26       000000
__Ltext27                  text27       000000
__Ltext28                  text28       000000
__Ltext29                  text29       000000
__Ltext3                   text3        000000
__Ltext30                  text30       000000
__Ltext31                  text31       000000
__Ltext32                  text32       000000
__Ltext33                  text33       000000
__Ltext34                  text34       000000
__Ltext35                  text35       000000
__Ltext36                  text36       000000
__Ltext37                  text37       000000
__Ltext38                  text38       000000
__Ltext39                  text39       000000
__Ltext4                   text4        000000
__Ltext40                  text40       000000
__Ltext41                  text41       000000
__Ltext42                  text42       000000
__Ltext43                  text43       000000
__Ltext44                  text44       000000
__Ltext45                  text45       000000
__Ltext46                  text46       000000
__Ltext47                  text47       000000
__Ltext48                  text48       000000
__Ltext49                  text49       000000
__Ltext5                   text5        000000
__Ltext50                  text50       000000
__Ltext51                  text51       000000
__Ltext6                   text6        000000
__Ltext7                   text7        000000
__Ltext8                   text8        000000
__Ltext9                   text9        000000
__S0                       (abs)        005B78
__S1                       (abs)        00015D
__S2                       (abs)        000000
__S4                       (abs)        000000
__S5                       (abs)        000000
___aodiv                   text37       0044EA
___aodiv@counter           cstackCOMRAM 000011
___aodiv@dividend          cstackCOMRAM 000001
___aodiv@divisor           cstackCOMRAM 000009
___aodiv@quotient          cstackCOMRAM 000013
___aodiv@sign              cstackCOMRAM 000012
___aomod                   text36       0047F8
___aomod@counter           cstackCOMRAM 000011
___aomod@dividend          cstackCOMRAM 000001
___aomod@divisor           cstackCOMRAM 000009
___aomod@sign              cstackCOMRAM 000012
___awdiv                   text30       0052C2
___awdiv@counter           cstackCOMRAM 000005
___awdiv@dividend          cstackCOMRAM 000001
___awdiv@divisor           cstackCOMRAM 000003
___awdiv@quotient          cstackCOMRAM 000007
___awdiv@sign              cstackCOMRAM 000006
___awmod                   text29       005386
___awmod@counter           cstackCOMRAM 000005
___awmod@dividend          cstackCOMRAM 000001
___awmod@divisor           cstackCOMRAM 000003
___awmod@sign              cstackCOMRAM 000006
___fladd                   text23       002766
___fladd@a                 cstackCOMRAM 000005
___fladd@aexp              cstackCOMRAM 00000E
___fladd@b                 cstackCOMRAM 000001
___fladd@bexp              cstackCOMRAM 00000F
___fladd@grs               cstackCOMRAM 000010
___fladd@signs             cstackCOMRAM 00000D
___fldiv                   text28       003050
___fldiv@a                 cstackCOMRAM 000005
___fldiv@aexp              cstackCOMRAM 000019
___fldiv@b                 cstackCOMRAM 000001
___fldiv@bexp              cstackCOMRAM 000018
___fldiv@grs               cstackCOMRAM 000014
___fldiv@new_exp           cstackCOMRAM 000012
___fldiv@rem               cstackCOMRAM 00000D
___fldiv@sign              cstackCOMRAM 000011
___fleq                    text27       005436
___fleq@ff1                cstackCOMRAM 000001
___fleq@ff2                cstackCOMRAM 000005
___flge                    text26       004C98
___flge@ff1                cstackCOMRAM 000028
___flge@ff2                cstackCOMRAM 00002C
___flmul                   text25       002C26
___flmul@a                 cstackCOMRAM 000013
___flmul@aexp              cstackCOMRAM 000020
___flmul@b                 cstackCOMRAM 00000F
___flmul@bexp              cstackCOMRAM 000021
___flmul@grs               cstackCOMRAM 00001C
___flmul@prod              cstackCOMRAM 000022
___flmul@sign              cstackCOMRAM 00001B
___flmul@temp              cstackCOMRAM 000026
___flneg                   text24       005A1A
___flneg@f1                cstackCOMRAM 000001
___flsub                   text22       005862
___flsub@a                 cstackCOMRAM 00002C
___flsub@b                 cstackCOMRAM 000028
___fltol                   text21       004B92
___fltol@exp1              cstackCOMRAM 00000A
___fltol@f1                cstackCOMRAM 000001
___fltol@sign1             cstackCOMRAM 000009
___fpclassifyf             text20       004D9C
___fpclassifyf@F465        bssBANK0     0000DD
___fpclassifyf@e           cstackCOMRAM 000009
___fpclassifyf@u           cstackCOMRAM 00000B
___fpclassifyf@x           cstackCOMRAM 000001
___inthi_sp                stack        000000
___intlo_sp                stack        000000
___lodiv                   text11       004E9A
___lodiv@counter           cstackCOMRAM 000019
___lodiv@dividend          cstackCOMRAM 000001
___lodiv@divisor           cstackCOMRAM 000009
___lodiv@quotient          cstackCOMRAM 000011
___lomod                   text10       005062
___lomod@counter           cstackCOMRAM 000011
___lomod@dividend          cstackCOMRAM 000001
___lomod@divisor           cstackCOMRAM 000009
___param_bank              (abs)        000000
___rparam_used             (abs)        000001
___sp                      stack        000000
___wmul                    text44       005B28
___wmul@multiplicand       cstackCOMRAM 000003
___wmul@multiplier         cstackCOMRAM 000001
___wmul@product            cstackCOMRAM 000005
___xxtofl                  text45       0041A6
___xxtofl@arg              cstackCOMRAM 00000B
___xxtofl@exp              cstackCOMRAM 00000A
___xxtofl@sign             cstackCOMRAM 000009
___xxtofl@val              cstackCOMRAM 000001
__accesstop                (abs)        000060
__activetblptr             (abs)        000002
__end_of_Lcd_Cmd           text50       005B6E
__end_of_Lcd_Init          text49       0055D2
__end_of_Lcd_Port          text51       005810
__end_of_Lcd_Set_Cursor    text48       005638
__end_of_Lcd_Write_Char    text47       005AC2
__end_of_Lcd_Write_String  text46       00555E
__end_of___aodiv           text37       004672
__end_of___aomod           text36       00495C
__end_of___awdiv           text30       005386
__end_of___awmod           text29       005436
__end_of___fladd           text23       002C26
__end_of___fldiv           text28       0033EA
__end_of___fleq            text27       0054E0
__end_of___flge            text26       004D9C
__end_of___flmul           text25       003050
__end_of___flneg           text24       005A52
__end_of___flsub           text22       0058A8
__end_of___fltol           text21       004C98
__end_of___fpclassifyf     text20       004E9A
__end_of___lodiv           text11       004F8A
__end_of___lomod           text10       005132
__end_of___wmul            text44       005B4E
__end_of___xxtofl          text45       00435A
__end_of__initialization   cinit        005924
__end_of_abs               text35       00596E
__end_of_atoi              text41       0044EA
__end_of_ctoa              text38       005062
__end_of_dtoa              text31       0036CE
__end_of_efgtoa            text15       002766
__end_of_floorf            text19       003BBA
__end_of_fputc             text39       0051FC
__end_of_fputs             text34       0058EC
__end_of_isalpha           text8        0059AA
__end_of_isdigit           text43       005A8A
__end_of_islower           text7        0059E2
__end_of_isspace           text42       005862
__end_of_isupper           text17       005A1A
__end_of_main              text0        003FB6
__end_of_otoa              text14       0041A6
__end_of_pad               text32       0052C2
__end_of_putch             text40       005B78
__end_of_snprintf          text1        005B28
__end_of_stoa              text13       0047F8
__end_of_strcpy            text18       0057B4
__end_of_strlen            text33       005AF8
__end_of_strncmp           text12       004B92
__end_of_tolower           text16       0056FA
__end_of_toupper           text6        005758
__end_of_utoa              text9        003DBE
__end_of_vfpfcnvrt         text4        001B0E
__end_of_vfprintf          text3        00569A
__end_of_vsnprintf         text2        004A78
__end_of_xtoa              text5        0039A8
__initialization           cinit        0058EC
__mediumconst              mediumconst  000000
__pbssBANK0                bssBANK0     0000D9
__pbssBANK1                bssBANK1     000100
__pcinit                   cinit        0058EC
__pcstackBANK0             cstackBANK0  000060
__pcstackCOMRAM            cstackCOMRAM 000001
__pdataBANK1               dataBANK1    000156
__pidataBANK1              idataBANK1   005B6E
__psmallconst              smallconst   000600
__ptext0                   text0        003DBE
__ptext1                   text1        005AF8
__ptext10                  text10       005062
__ptext11                  text11       004E9A
__ptext12                  text12       004A78
__ptext13                  text13       004672
__ptext14                  text14       003FB6
__ptext15                  text15       001B0E
__ptext16                  text16       00569A
__ptext17                  text17       0059E2
__ptext18                  text18       005758
__ptext19                  text19       0039A8
__ptext2                   text2        00495C
__ptext20                  text20       004D9C
__ptext21                  text21       004B92
__ptext22                  text22       005862
__ptext23                  text23       002766
__ptext24                  text24       005A1A
__ptext25                  text25       002C26
__ptext26                  text26       004C98
__ptext27                  text27       005436
__ptext28                  text28       003050
__ptext29                  text29       005386
__ptext3                   text3        005638
__ptext30                  text30       0052C2
__ptext31                  text31       0033EA
__ptext32                  text32       0051FC
__ptext33                  text33       005AC2
__ptext34                  text34       0058A8
__ptext35                  text35       00592E
__ptext36                  text36       0047F8
__ptext37                  text37       0044EA
__ptext38                  text38       004F8A
__ptext39                  text39       005132
__ptext4                   text4        000664
__ptext40                  text40       005B76
__ptext41                  text41       00435A
__ptext42                  text42       005810
__ptext43                  text43       005A52
__ptext44                  text44       005B28
__ptext45                  text45       0041A6
__ptext46                  text46       0054E0
__ptext47                  text47       005A8A
__ptext48                  text48       0055D2
__ptext49                  text49       00555E
__ptext5                   text5        0036CE
__ptext50                  text50       005B4E
__ptext51                  text51       0057B4
__ptext6                   text6        0056FA
__ptext7                   text7        0059AA
__ptext8                   text8        00596E
__ptext9                   text9        003BBA
__ramtop                   ramtop       000600
__size_of_Lcd_Cmd          (abs)        000000
__size_of_Lcd_Init         (abs)        000000
__size_of_Lcd_Port         (abs)        000000
__size_of_Lcd_Set_Cursor   (abs)        000000
__size_of_Lcd_Write_Char   (abs)        000000
__size_of_Lcd_Write_String (abs)        000000
__size_of___aodiv          (abs)        000000
__size_of___aomod          (abs)        000000
__size_of___awdiv          (abs)        000000
__size_of___awmod          (abs)        000000
__size_of___fladd          (abs)        000000
__size_of___fldiv          (abs)        000000
__size_of___fleq           (abs)        000000
__size_of___flge           (abs)        000000
__size_of___flmul          (abs)        000000
__size_of___flneg          (abs)        000000
__size_of___flsub          (abs)        000000
__size_of___fltol          (abs)        000000
__size_of___fpclassifyf    (abs)        000000
__size_of___lodiv          (abs)        000000
__size_of___lomod          (abs)        000000
__size_of___wmul           (abs)        000000
__size_of___xxtofl         (abs)        000000
__size_of_abs              (abs)        000000
__size_of_atoi             (abs)        000000
__size_of_ctoa             (abs)        000000
__size_of_dtoa             (abs)        000000
__size_of_efgtoa           (abs)        000000
__size_of_floorf           (abs)        000000
__size_of_fputc            (abs)        000000
__size_of_fputs            (abs)        000000
__size_of_isalpha          (abs)        000000
__size_of_isdigit          (abs)        000000
__size_of_islower          (abs)        000000
__size_of_isspace          (abs)        000000
__size_of_isupper          (abs)        000000
__size_of_main             (abs)        000000
__size_of_otoa             (abs)        000000
__size_of_pad              (abs)        000000
__size_of_putch            (abs)        000000
__size_of_snprintf         (abs)        000000
__size_of_stoa             (abs)        000000
__size_of_strcpy           (abs)        000000
__size_of_strlen           (abs)        000000
__size_of_strncmp          (abs)        000000
__size_of_tolower          (abs)        000000
__size_of_toupper          (abs)        000000
__size_of_utoa             (abs)        000000
__size_of_vfpfcnvrt        (abs)        000000
__size_of_vfprintf         (abs)        000000
__size_of_vsnprintf        (abs)        000000
__size_of_xtoa             (abs)        000000
__smallconst               smallconst   000600
_abs                       text35       00592E
_atoi                      text41       00435A
_atoi$1274                 cstackCOMRAM 000010
_atoi$1275                 cstackCOMRAM 000014
_atoi$1276                 cstackCOMRAM 000012
_ctoa                      text38       004F8A
_current                   bssBANK0     0000E1
_dbuf                      bssBANK1     000100
_dtoa                      text31       0033EA
_dtoa$1042                 cstackCOMRAM 00002E
_efgtoa                    text15       001B0E
_efgtoa$1066               cstackBANK0  000060
_efgtoa$1067               cstackBANK0  000062
_efgtoa$1071               cstackBANK0  000064
_efgtoa$1075               cstackBANK0  000066
_efgtoa$1076               cstackBANK0  000068
_efgtoa$1077               cstackBANK0  00006A
_errno                     bssBANK0     0000F1
_flags                     bssBANK0     0000EF
_floorf                    text19       0039A8
_fputc                     text39       005132
_fputs                     text34       0058A8
_i                         bssBANK1     000150
_isalpha                   text8        00596E
_isdigit                   text43       005A52
_islower                   text7        0059AA
_isspace                   text42       005810
_isspace$1315              cstackCOMRAM 000007
_isupper                   text17       0059E2
_main                      text0        003DBE
_nout                      bssBANK0     0000E9
_otoa                      text14       003FB6
_pad                       text32       0051FC
_prec                      bssBANK0     0000ED
_putch                     text40       005B76
_result                    bssBANK0     0000F9
_snprintf                  text1        005AF8
_stoa                      text13       004672
_strcpy                    text18       005758
_strlen                    text33       005AC2
_strncmp                   text12       004A78
_tolower                   text16       00569A
_tolower$1378              cstackCOMRAM 00000D
_toupper                   text6        0056FA
_toupper$1393              cstackCOMRAM 00000D
_utoa                      text9        003BBA
_v                         bssBANK0     0000F3
_vfpfcnvrt                 text4        000664
_vfpfcnvrt$1128            cstackBANK0  00009C
_vfpfcnvrt$1129            cstackBANK0  00009E
_vfpfcnvrt$1150            cstackBANK0  0000A0
_vfprintf                  text3        005638
_voltage                   bssBANK0     0000E5
_vsnprintf                 text2        00495C
_vsnprintf$936             cstackBANK0  0000C1
_width                     bssBANK0     0000EB
_xtoa                      text5        0036CE
_xtoa$1113                 cstackCOMRAM 00002F
_xtoa$1114                 cstackCOMRAM 000031
abs@a                      cstackCOMRAM 000013
atoi@n                     cstackCOMRAM 000015
atoi@neg                   cstackCOMRAM 00000E
atoi@s                     cstackCOMRAM 000008
ctoa@c                     cstackCOMRAM 00000C
ctoa@fp                    cstackCOMRAM 00000A
ctoa@l                     cstackCOMRAM 00000E
ctoa@w                     cstackCOMRAM 000010
dtoa@d                     cstackCOMRAM 00001E
dtoa@fp                    cstackCOMRAM 00001C
dtoa@i                     cstackCOMRAM 00003E
dtoa@n                     cstackCOMRAM 000036
dtoa@p                     cstackCOMRAM 000030
dtoa@s                     cstackCOMRAM 000034
dtoa@w                     cstackCOMRAM 000032
efgtoa@c                   cstackCOMRAM 00003A
efgtoa@d                   cstackBANK0  000078
efgtoa@e                   cstackBANK0  000090
efgtoa@f                   cstackCOMRAM 000036
efgtoa@fp                  cstackCOMRAM 000034
efgtoa@g                   cstackBANK0  00008C
efgtoa@h                   cstackBANK0  000082
efgtoa@i                   cstackBANK0  00008A
efgtoa@l                   cstackBANK0  000086
efgtoa@m                   cstackBANK0  000072
efgtoa@mode                cstackBANK0  000081
efgtoa@n                   cstackBANK0  000092
efgtoa@ne                  cstackBANK0  000070
efgtoa@nmode               cstackBANK0  000080
efgtoa@ou                  cstackBANK0  000074
efgtoa@p                   cstackBANK0  00007C
efgtoa@pp                  cstackBANK0  00006E
efgtoa@sign                cstackBANK0  00007A
efgtoa@t                   cstackBANK0  00006C
efgtoa@u                   cstackBANK0  000094
efgtoa@w                   cstackBANK0  00007E
end_of_initialization      cinit        005924
floorf@F527                bssBANK0     0000D9
floorf@e                   cstackCOMRAM 000028
floorf@m                   cstackCOMRAM 000024
floorf@u                   cstackCOMRAM 00002A
floorf@x                   cstackCOMRAM 00001A
fputc@c                    cstackCOMRAM 000001
fputc@fp                   cstackCOMRAM 000003
fputs@c                    cstackCOMRAM 00000E
fputs@fp                   cstackCOMRAM 00000C
fputs@i                    cstackCOMRAM 00000F
fputs@s                    cstackCOMRAM 00000A
intlevel0                  text         000000
intlevel1                  text         000000
intlevel2                  text         000000
intlevel3                  text         000000
isalpha@c                  cstackCOMRAM 000001
isdigit@c                  cstackCOMRAM 000001
islower@c                  cstackCOMRAM 000001
isspace@c                  cstackCOMRAM 000001
isupper@c                  cstackCOMRAM 000001
otoa@d                     cstackCOMRAM 00001E
otoa@fp                    cstackCOMRAM 00001C
otoa@i                     cstackCOMRAM 00003C
otoa@n                     cstackCOMRAM 000034
otoa@p                     cstackCOMRAM 00002E
otoa@t                     cstackCOMRAM 000030
otoa@w                     cstackCOMRAM 000032
pad@buf                    cstackCOMRAM 000013
pad@fp                     cstackCOMRAM 000011
pad@i                      cstackCOMRAM 000018
pad@p                      cstackCOMRAM 000015
pad@w                      cstackCOMRAM 00001A
snprintf@ap                cstackBANK0  0000D7
snprintf@fmt               cstackBANK0  0000CF
snprintf@n                 cstackBANK0  0000CD
snprintf@s                 cstackBANK0  0000CB
stackhi                    (abs)        0005FF
stacklo                    (abs)        00015D
start                      init         000000
start_initialization       cinit        0058EC
stoa@F1176                 dataBANK1    000156
stoa@cp                    cstackCOMRAM 00001A
stoa@fp                    cstackCOMRAM 00000A
stoa@i                     cstackCOMRAM 000016
stoa@l                     cstackCOMRAM 00001E
stoa@nuls                  cstackCOMRAM 00000F
stoa@p                     cstackCOMRAM 00001C
stoa@s                     cstackCOMRAM 00000C
stoa@w                     cstackCOMRAM 000018
strcpy@d                   cstackCOMRAM 000009
strcpy@dest                cstackCOMRAM 000001
strcpy@s                   cstackCOMRAM 000007
strcpy@src                 cstackCOMRAM 000003
strlen@a                   cstackCOMRAM 000003
strlen@s                   cstackCOMRAM 000001
strncmp@_l                 cstackCOMRAM 000001
strncmp@_r                 cstackCOMRAM 000003
strncmp@l                  cstackCOMRAM 000008
strncmp@n                  cstackCOMRAM 000005
strncmp@r                  cstackCOMRAM 00000A
tolower@c                  cstackCOMRAM 000007
toupper@c                  cstackCOMRAM 000007
utoa@d                     cstackCOMRAM 00001E
utoa@fp                    cstackCOMRAM 00001C
utoa@i                     cstackCOMRAM 00003A
utoa@n                     cstackCOMRAM 000032
utoa@p                     cstackCOMRAM 00002E
utoa@w                     cstackCOMRAM 000030
vfpfcnvrt@ap               cstackCOMRAM 000047
vfpfcnvrt@c                cstackBANK0  0000B3
vfpfcnvrt@cp               cstackBANK0  000098
vfpfcnvrt@ct               cstackBANK0  0000A6
vfpfcnvrt@done             cstackBANK0  00009A
vfpfcnvrt@f                cstackBANK0  0000A2
vfpfcnvrt@fmt              cstackCOMRAM 000045
vfpfcnvrt@fp               cstackCOMRAM 000043
vfpfcnvrt@ll               cstackBANK0  0000A9
vfpfcnvrt@llu              cstackBANK0  0000B4
vfpfcnvrt@vp               cstackBANK0  0000B1
vfprintf@ap                cstackCOMRAM 000051
vfprintf@cfmt              cstackCOMRAM 000053
vfprintf@fmt               cstackCOMRAM 00004F
vfprintf@fp                cstackCOMRAM 00004D
vsnprintf@ap               cstackCOMRAM 00005B
vsnprintf@cnt              cstackBANK0  0000C3
vsnprintf@f                cstackBANK0  0000C5
vsnprintf@fmt              cstackCOMRAM 000059
vsnprintf@n                cstackCOMRAM 000057
vsnprintf@s                cstackCOMRAM 000055
xtoa@c                     cstackCOMRAM 000041
xtoa@d                     cstackCOMRAM 00001E
xtoa@fp                    cstackCOMRAM 00001C
xtoa@i                     cstackCOMRAM 00003F
xtoa@n                     cstackCOMRAM 000037
xtoa@p                     cstackCOMRAM 000033
xtoa@w                     cstackCOMRAM 000035
xtoa@x                     cstackCOMRAM 000026


FUNCTION INFORMATION:

 *************** function _main *****************
 Defined at:
		line 20 in file "main.c"
 Parameters:    Size  Location     Type
		None
 Auto vars:     Size  Location     Type
		None
 Return value:  Size  Location     Type
                  2   83[None  ] int 
 Registers used:
		wreg, fsr1l, fsr1h, fsr2l, fsr2h, status,2, status,0, tblptrl, tblptrh, tblptru, prodl, prodh, cstack
 Tracked objects:
		On entry : 
		On exit  : 
		Unchanged: 
 Data sizes:     COMRAM   BANK0   BANK1   BANK2   BANK3   BANK4   BANK5
      Params:         0       0       0       0       0       0       0
      Locals:         0       0       0       0       0       0       0
      Temps:          2       0       0       0       0       0       0
      Totals:         2       0       0       0       0       0       0
Total ram usage:        2 bytes
 Hardware stack levels required when called:    9
 This function calls:
		_Lcd_Init
		_Lcd_Set_Cursor
		_Lcd_Write_String
		___flmul
		___xxtofl
		_snprintf
 This function is called by:
		Startup code after reset
 This function uses a non-reentrant model


 *************** function _snprintf *****************
 Defined at:
		line 4 in file "C:\Program Files\Microchip\xc8\v2.30\pic\sources\c99\common\snprintf.c"
 Parameters:    Size  Location     Type
  s               2  107[BANK0 ] PTR unsigned char 
		 -> i(6), v(6), 
  n               2  109[BANK0 ] unsigned int 
  fmt             2  111[BANK0 ] PTR const unsigned char 
		 -> STR_6(3), STR_5(3), 
 Auto vars:     Size  Location     Type
  ap              2  119[BANK0 ] PTR void [1]
		 -> ?_snprintf(2), 
  ret             2    0        int 
 Return value:  Size  Location     Type
                  2  107[BANK0 ] int 
 Registers used:
		wreg, fsr1l, fsr1h, fsr2l, fsr2h, status,2, status,0, tblptrl, tblptrh, tblptru, prodl, prodh, cstack
 Tracked objects:
		On entry : 
		On exit  : 
		Unchanged: 
 Data sizes:     COMRAM   BANK0   BANK1   BANK2   BANK3   BANK4   BANK5
      Params:         0      10       0       0       0       0       0
      Locals:         0       4       0       0       0       0       0
      Temps:          0       0       0       0       0       0       0
      Totals:         0      14       0       0       0       0       0
Total ram usage:       14 bytes
 Hardware stack levels used:    1
 Hardware stack levels required when called:    8
 This function calls:
		_vsnprintf
 This function is called by:
		_main
 This function uses a non-reentrant model


 *************** function _vsnprintf *****************
 Defined at:
		line 11 in file "C:\Program Files\Microchip\xc8\v2.30\pic\sources\c99\common\nf_vsnprintf.c"
 Parameters:    Size  Location     Type
  s               2   84[COMRAM] PTR unsigned char 
		 -> i(6), v(6), 
  n               2   86[COMRAM] unsigned int 
  fmt             2   88[COMRAM] PTR const unsigned char 
		 -> STR_6(3), STR_5(3), 
  ap              2   90[COMRAM] PTR PTR void 
		 -> snprintf@ap(2), 
 Auto vars:     Size  Location     Type
  f               6  101[BANK0 ] struct _IO_FILE
  cnt             2   99[BANK0 ] int 
 Return value:  Size  Location     Type
                  2   84[COMRAM] int 
 Registers used:
		wreg, fsr1l, fsr1h, fsr2l, fsr2h, status,2, status,0, tblptrl, tblptrh, tblptru, prodl, prodh, cstack
 Tracked objects:
		On entry : 
		On exit  : 
		Unchanged: 
 Data sizes:     COMRAM   BANK0   BANK1   BANK2   BANK3   BANK4   BANK5
      Params:         8       0       0       0       0       0       0
      Locals:         0      10       0       0       0       0       0
      Temps:          0       5       0       0       0       0       0
      Totals:         8      15       0       0       0       0       0
Total ram usage:       23 bytes
 Hardware stack levels used:    1
 Hardware stack levels required when called:    7
 This function calls:
		_vfprintf
 This function is called by:
		_snprintf
 This function uses a non-reentrant model


 *************** function _vfprintf *****************
 Defined at:
		line 1390 in file "C:\Program Files\Microchip\xc8\v2.30\pic\sources\c99\common\doprnt.c"
 Parameters:    Size  Location     Type
  fp              2   76[COMRAM] PTR struct _IO_FILE
		 -> vsnprintf@f(6), 
  fmt             2   78[COMRAM] PTR const unsigned char 
		 -> STR_6(3), STR_5(3), 
  ap              2   80[COMRAM] PTR PTR void 
		 -> snprintf@ap(2), 
 Auto vars:     Size  Location     Type
  cfmt            2   82[COMRAM] PTR unsigned char 
		 -> STR_6(3), STR_5(3), 
 Return value:  Size  Location     Type
                  2   76[COMRAM] int 
 Registers used:
		wreg, fsr1l, fsr1h, fsr2l, fsr2h, status,2, status,0, tblptrl, tblptrh, tblptru, prodl, prodh, cstack
 Tracked objects:
		On entry : 
		On exit  : 
		Unchanged: 
 Data sizes:     COMRAM   BANK0   BANK1   BANK2   BANK3   BANK4   BANK5
      Params:         6       0       0       0       0       0       0
      Locals:         2       0       0       0       0       0       0
      Temps:          0       0       0       0       0       0       0
      Totals:         8       0       0       0       0       0       0
Total ram usage:        8 bytes
 Hardware stack levels used:    1
 Hardware stack levels required when called:    6
 This function calls:
		_vfpfcnvrt
 This function is called by:
		_vsnprintf
 This function uses a non-reentrant model


 *************** function _vfpfcnvrt *****************
 Defined at:
		line 692 in file "C:\Program Files\Microchip\xc8\v2.30\pic\sources\c99\common\doprnt.c"
 Parameters:    Size  Location     Type
  fp              2   66[COMRAM] PTR struct _IO_FILE
		 -> vsnprintf@f(6), 
  fmt             2   68[COMRAM] PTR PTR unsigned char 
		 -> vfprintf@cfmt(2), 
  ap              2   70[COMRAM] PTR PTR void 
		 -> snprintf@ap(2), 
 Auto vars:     Size  Location     Type
  llu             8   84[BANK0 ] unsigned long long 
  ll              8   73[BANK0 ] long long 
  f               4   66[BANK0 ] long long 
  ct              3   70[BANK0 ] unsigned char [3]
  vp              2   81[BANK0 ] PTR void 
		 -> ?_snprintf(2), result(2), 
  done            2   58[BANK0 ] int 
  cp              2   56[BANK0 ] PTR unsigned char 
		 -> ?_snprintf(2), result(2), 
  i               2    0        int 
  c               1   83[BANK0 ] unsigned char 
 Return value:  Size  Location     Type
                  2   66[COMRAM] int 
 Registers used:
		wreg, fsr1l, fsr1h, fsr2l, fsr2h, status,2, status,0, tblptrl, tblptrh, tblptru, prodl, prodh, cstack
 Tracked objects:
		On entry : 
		On exit  : 
		Unchanged: 
 Data sizes:     COMRAM   BANK0   BANK1   BANK2   BANK3   BANK4   BANK5
      Params:         6       0       0       0       0       0       0
      Locals:         0      36       0       0       0       0       0
      Temps:          4       0       0       0       0       0       0
      Totals:        10      36       0       0       0       0       0
Total ram usage:       46 bytes
 Hardware stack levels used:    1
 Hardware stack levels required when called:    5
 This function calls:
		_atoi
		_ctoa
		_dtoa
		_efgtoa
		_fputc
		_isdigit
		_isupper
		_otoa
		_stoa
		_strncmp
		_tolower
		_utoa
		_xtoa
 This function is called by:
		_vfprintf
 This function uses a non-reentrant model


 *************** function _xtoa *****************
 Defined at:
		line 645 in file "C:\Program Files\Microchip\xc8\v2.30\pic\sources\c99\common\doprnt.c"
 Parameters:    Size  Location     Type
  fp              2   27[COMRAM] PTR struct _IO_FILE
		 -> vsnprintf@f(6), 
  d               8   29[COMRAM] unsigned long long 
  x               1   37[COMRAM] unsigned char 
 Auto vars:     Size  Location     Type
  n               8   54[COMRAM] unsigned long long 
  c               2   64[COMRAM] int 
  i               2   62[COMRAM] int 
  w               2   52[COMRAM] int 
  p               2   50[COMRAM] int 
 Return value:  Size  Location     Type
                  2   27[COMRAM] int 
 Registers used:
		wreg, fsr1l, fsr1h, fsr2l, fsr2h, status,2, status,0, cstack
 Tracked objects:
		On entry : 
		On exit  : 
		Unchanged: 
 Data sizes:     COMRAM   BANK0   BANK1   BANK2   BANK3   BANK4   BANK5
      Params:        11       0       0       0       0       0       0
      Locals:        20       0       0       0       0       0       0
      Temps:          8       0       0       0       0       0       0
      Totals:        39       0       0       0       0       0       0
Total ram usage:       39 bytes
 Hardware stack levels used:    1
 Hardware stack levels required when called:    4
 This function calls:
		_isalpha
		_isupper
		_pad
		_toupper
 This function is called by:
		_vfpfcnvrt
 This function uses a non-reentrant model


 *************** function _toupper *****************
 Defined at:
		line 4 in file "C:\Program Files\Microchip\xc8\v2.30\pic\sources\c99\common\toupper.c"
 Parameters:    Size  Location     Type
  c               2    6[COMRAM] int 
 Auto vars:     Size  Location     Type
		None
 Return value:  Size  Location     Type
                  2    6[COMRAM] int 
 Registers used:
		wreg, status,2, status,0
 Tracked objects:
		On entry : 
		On exit  : 
		Unchanged: 
 Data sizes:     COMRAM   BANK0   BANK1   BANK2   BANK3   BANK4   BANK5
      Params:         2       0       0       0       0       0       0
      Locals:         2       0       0       0       0       0       0
      Temps:          4       0       0       0       0       0       0
      Totals:         8       0       0       0       0       0       0
Total ram usage:        8 bytes
 Hardware stack levels used:    1
 Hardware stack levels required when called:    1
 This function calls:
		_islower
 This function is called by:
		_xtoa
 This function uses a non-reentrant model


 *************** function _islower *****************
 Defined at:
		line 5 in file "C:\Program Files\Microchip\xc8\v2.30\pic\sources\c99\common\islower.c"
 Parameters:    Size  Location     Type
  c               2    0[COMRAM] int 
 Auto vars:     Size  Location     Type
		None
 Return value:  Size  Location     Type
                  2    0[COMRAM] int 
 Registers used:
		wreg, status,2, status,0
 Tracked objects:
		On entry : 
		On exit  : 
		Unchanged: 
 Data sizes:     COMRAM   BANK0   BANK1   BANK2   BANK3   BANK4   BANK5
      Params:         2       0       0       0       0       0       0
      Locals:         0       0       0       0       0       0       0
      Temps:          4       0       0       0       0       0       0
      Totals:         6       0       0       0       0       0       0
Total ram usage:        6 bytes
 Hardware stack levels used:    1
 This function calls:
		Nothing
 This function is called by:
		_toupper
 This function uses a non-reentrant model


 *************** function _isalpha *****************
 Defined at:
		line 5 in file "C:\Program Files\Microchip\xc8\v2.30\pic\sources\c99\common\isalpha.c"
 Parameters:    Size  Location     Type
  c               2    0[COMRAM] int 
 Auto vars:     Size  Location     Type
		None
 Return value:  Size  Location     Type
                  2    0[COMRAM] int 
 Registers used:
		wreg, status,2, status,0
 Tracked objects:
		On entry : 
		On exit  : 
		Unchanged: 
 Data sizes:     COMRAM   BANK0   BANK1   BANK2   BANK3   BANK4   BANK5
      Params:         2       0       0       0       0       0       0
      Locals:         0       0       0       0       0       0       0
      Temps:          4       0       0       0       0       0       0
      Totals:         6       0       0       0       0       0       0
Total ram usage:        6 bytes
 Hardware stack levels used:    1
 This function calls:
		Nothing
 This function is called by:
		_xtoa
 This function uses a non-reentrant model


 *************** function _utoa *****************
 Defined at:
		line 615 in file "C:\Program Files\Microchip\xc8\v2.30\pic\sources\c99\common\doprnt.c"
 Parameters:    Size  Location     Type
  fp              2   27[COMRAM] PTR struct _IO_FILE
		 -> vsnprintf@f(6), 
  d               8   29[COMRAM] unsigned long long 
 Auto vars:     Size  Location     Type
  n               8   49[COMRAM] unsigned long long 
  i               2   57[COMRAM] int 
  w               2   47[COMRAM] int 
  p               2   45[COMRAM] int 
 Return value:  Size  Location     Type
                  2   27[COMRAM] int 
 Registers used:
		wreg, fsr1l, fsr1h, fsr2l, fsr2h, status,2, status,0, cstack
 Tracked objects:
		On entry : 
		On exit  : 
		Unchanged: 
 Data sizes:     COMRAM   BANK0   BANK1   BANK2   BANK3   BANK4   BANK5
      Params:        10       0       0       0       0       0       0
      Locals:        14       0       0       0       0       0       0
      Temps:          8       0       0       0       0       0       0
      Totals:        32       0       0       0       0       0       0
Total ram usage:       32 bytes
 Hardware stack levels used:    1
 Hardware stack levels required when called:    4
 This function calls:
		___lodiv
		___lomod
		_pad
 This function is called by:
		_vfpfcnvrt
 This function uses a non-reentrant model


 *************** function ___lomod *****************
 Defined at:
		line 9 in file "C:\Program Files\Microchip\xc8\v2.30\pic\sources\c99\common\lomod.c"
 Parameters:    Size  Location     Type
  dividend        8    0[COMRAM] unsigned long long 
  divisor         8    8[COMRAM] unsigned long long 
 Auto vars:     Size  Location     Type
  counter         1   16[COMRAM] unsigned char 
 Return value:  Size  Location     Type
                  8    0[COMRAM] unsigned long long 
 Registers used:
		wreg, status,2, status,0
 Tracked objects:
		On entry : 
		On exit  : 
		Unchanged: 
 Data sizes:     COMRAM   BANK0   BANK1   BANK2   BANK3   BANK4   BANK5
      Params:        16       0       0       0       0       0       0
      Locals:         1       0       0       0       0       0       0
      Temps:          0       0       0       0       0       0       0
      Totals:        17       0       0       0       0       0       0
Total ram usage:       17 bytes
 Hardware stack levels used:    1
 This function calls:
		Nothing
 This function is called by:
		_utoa
 This function uses a non-reentrant model


 *************** function ___lodiv *****************
 Defined at:
		line 9 in file "C:\Program Files\Microchip\xc8\v2.30\pic\sources\c99\common\lodiv.c"
 Parameters:    Size  Location     Type
  dividend        8    0[COMRAM] unsigned long long 
  divisor         8    8[COMRAM] unsigned long long 
 Auto vars:     Size  Location     Type
  quotient        8   16[COMRAM] unsigned long long 
  counter         1   24[COMRAM] unsigned char 
 Return value:  Size  Location     Type
                  8    0[COMRAM] unsigned long long 
 Registers used:
		wreg, fsr2l, fsr2h, status,2, status,0
 Tracked objects:
		On entry : 
		On exit  : 
		Unchanged: 
 Data sizes:     COMRAM   BANK0   BANK1   BANK2   BANK3   BANK4   BANK5
      Params:        16       0       0       0       0       0       0
      Locals:         9       0       0       0       0       0       0
      Temps:          0       0       0       0       0       0       0
      Totals:        25       0       0       0       0       0       0
Total ram usage:       25 bytes
 Hardware stack levels used:    1
 This function calls:
		Nothing
 This function is called by:
		_utoa
 This function uses a non-reentrant model


 *************** function _strncmp *****************
 Defined at:
		line 3 in file "C:\Program Files\Microchip\xc8\v2.30\pic\sources\c99\common\strncmp.c"
 Parameters:    Size  Location     Type
  _l              2    0[COMRAM] PTR const unsigned char 
		 -> vfpfcnvrt@ct(3), STR_6(3), STR_5(3), 
  _r              2    2[COMRAM] PTR const unsigned char 
		 -> STR_116(3), STR_112(3), STR_107(3), STR_103(3), 
		 -> STR_98(4), STR_94(4), STR_89(3), STR_84(3), 
		 -> STR_79(4), STR_74(3), STR_69(3), STR_64(4), 
		 -> STR_59(3), STR_54(3), STR_49(4), STR_44(3), 
		 -> STR_39(3), STR_35(3), STR_30(3), STR_26(3), 
		 -> STR_21(4), STR_17(4), 
  n               2    4[COMRAM] unsigned int 
 Auto vars:     Size  Location     Type
  r               2    9[COMRAM] PTR const unsigned char 
		 -> STR_116(3), STR_112(3), STR_107(3), STR_103(3), 
		 -> STR_98(4), STR_94(4), STR_89(3), STR_84(3), 
		 -> STR_79(4), STR_74(3), STR_69(3), STR_64(4), 
		 -> STR_59(3), STR_54(3), STR_49(4), STR_44(3), 
		 -> STR_39(3), STR_35(3), STR_30(3), STR_26(3), 
		 -> STR_21(4), STR_17(4), 
  l               2    7[COMRAM] PTR const unsigned char 
		 -> vfpfcnvrt@ct(3), STR_6(3), STR_5(3), 
 Return value:  Size  Location     Type
                  2    0[COMRAM] int 
 Registers used:
		wreg, fsr1l, fsr1h, status,2, status,0, tblptrl, tblptrh, tblptru
 Tracked objects:
		On entry : 
		On exit  : 
		Unchanged: 
 Data sizes:     COMRAM   BANK0   BANK1   BANK2   BANK3   BANK4   BANK5
      Params:         6       0       0       0       0       0       0
      Locals:         4       0       0       0       0       0       0
      Temps:          1       0       0       0       0       0       0
      Totals:        11       0       0       0       0       0       0
Total ram usage:       11 bytes
 Hardware stack levels used:    1
 This function calls:
		Nothing
 This function is called by:
		_vfpfcnvrt
 This function uses a non-reentrant model


 *************** function _stoa *****************
 Defined at:
		line 568 in file "C:\Program Files\Microchip\xc8\v2.30\pic\sources\c99\common\doprnt.c"
 Parameters:    Size  Location     Type
  fp              2    9[COMRAM] PTR struct _IO_FILE
		 -> vsnprintf@f(6), 
  s               2   11[COMRAM] PTR unsigned char 
		 -> ?_snprintf(2), result(2), 
 Auto vars:     Size  Location     Type
  nuls            7   14[COMRAM] unsigned char [7]
  l               2   29[COMRAM] int 
  p               2   27[COMRAM] int 
  cp              2   25[COMRAM] PTR unsigned char 
		 -> stoa@nuls(7), ?_snprintf(2), result(2), 
  w               2   23[COMRAM] int 
  i               2   21[COMRAM] int 
 Return value:  Size  Location     Type
                  2    9[COMRAM] int 
 Registers used:
		wreg, fsr1l, fsr1h, fsr2l, fsr2h, status,2, status,0, cstack
 Tracked objects:
		On entry : 
		On exit  : 
		Unchanged: 
 Data sizes:     COMRAM   BANK0   BANK1   BANK2   BANK3   BANK4   BANK5
      Params:         4       0       0       0       0       0       0
      Locals:        17       0       0       0       0       0       0
      Temps:          1       0       0       0       0       0       0
      Totals:        22       0       0       0       0       0       0
Total ram usage:       22 bytes
 Hardware stack levels used:    1
 Hardware stack levels required when called:    2
 This function calls:
		_fputc
		_strlen
 This function is called by:
		_vfpfcnvrt
 This function uses a non-reentrant model


 *************** function _otoa *****************
 Defined at:
		line 529 in file "C:\Program Files\Microchip\xc8\v2.30\pic\sources\c99\common\doprnt.c"
 Parameters:    Size  Location     Type
  fp              2   27[COMRAM] PTR struct _IO_FILE
		 -> vsnprintf@f(6), 
  d               8   29[COMRAM] unsigned long long 
 Auto vars:     Size  Location     Type
  n               8   51[COMRAM] unsigned long long 
  i               2   59[COMRAM] int 
  w               2   49[COMRAM] int 
  t               2   47[COMRAM] int 
  p               2   45[COMRAM] int 
 Return value:  Size  Location     Type
                  2   27[COMRAM] int 
 Registers used:
		wreg, fsr1l, fsr1h, fsr2l, fsr2h, status,2, status,0, cstack
 Tracked objects:
		On entry : 
		On exit  : 
		Unchanged: 
 Data sizes:     COMRAM   BANK0   BANK1   BANK2   BANK3   BANK4   BANK5
      Params:        10       0       0       0       0       0       0
      Locals:        16       0       0       0       0       0       0
      Temps:          8       0       0       0       0       0       0
      Totals:        34       0       0       0       0       0       0
Total ram usage:       34 bytes
 Hardware stack levels used:    1
 Hardware stack levels required when called:    4
 This function calls:
		_pad
 This function is called by:
		_vfpfcnvrt
 This function uses a non-reentrant model


 *************** function _efgtoa *****************
 Defined at:
		line 332 in file "C:\Program Files\Microchip\xc8\v2.30\pic\sources\c99\common\doprnt.c"
 Parameters:    Size  Location     Type
  fp              2   51[COMRAM] PTR struct _IO_FILE
		 -> vsnprintf@f(6), 
  f               4   53[COMRAM] PTR struct _IO_FILE
  c               1   57[COMRAM] unsigned char 
 Auto vars:     Size  Location     Type
  u               4   52[BANK0 ] unsigned char 
  g               4   44[BANK0 ] unsigned char 
  l               4   38[BANK0 ] unsigned char 
  h               4   34[BANK0 ] unsigned char 
  ou              4   20[BANK0 ] unsigned char 
  n               2   50[BANK0 ] int 
  e               2   48[BANK0 ] int 
  i               2   42[BANK0 ] int 
  w               2   30[BANK0 ] int 
  p               2   28[BANK0 ] int 
  sign            2   26[BANK0 ] int 
  d               2   24[BANK0 ] int 
  m               2   18[BANK0 ] int 
  ne              2   16[BANK0 ] int 
  pp              2   14[BANK0 ] int 
  t               2   12[BANK0 ] int 
  mode            1   33[BANK0 ] unsigned char 
  nmode           1   32[BANK0 ] unsigned char 
 Return value:  Size  Location     Type
                  2   51[COMRAM] int 
 Registers used:
		wreg, fsr1l, fsr1h, fsr2l, fsr2h, status,2, status,0, tblptrl, tblptrh, tblptru, prodl, prodh, cstack
 Tracked objects:
		On entry : 
		On exit  : 
		Unchanged: 
 Data sizes:     COMRAM   BANK0   BANK1   BANK2   BANK3   BANK4   BANK5
      Params:         7       0       0       0       0       0       0
      Locals:         0      56       0       0       0       0       0
      Temps:          5       0       0       0       0       0       0
      Totals:        12      56       0       0       0       0       0
Total ram usage:       68 bytes
 Hardware stack levels used:    1
 Hardware stack levels required when called:    4
 This function calls:
		___awdiv
		___awmod
		___fladd
		___fldiv
		___fleq
		___flge
		___flmul
		___flneg
		___flsub
		___fltol
		___fpclassifyf
		_floorf
		_isupper
		_pad
		_strcpy
		_tolower
 This function is called by:
		_vfpfcnvrt
 This function uses a non-reentrant model


 *************** function _tolower *****************
 Defined at:
		line 4 in file "C:\Program Files\Microchip\xc8\v2.30\pic\sources\c99\common\tolower.c"
 Parameters:    Size  Location     Type
  c               2    6[COMRAM] int 
 Auto vars:     Size  Location     Type
		None
 Return value:  Size  Location     Type
                  2    6[COMRAM] int 
 Registers used:
		wreg, status,2, status,0
 Tracked objects:
		On entry : 
		On exit  : 
		Unchanged: 
 Data sizes:     COMRAM   BANK0   BANK1   BANK2   BANK3   BANK4   BANK5
      Params:         2       0       0       0       0       0       0
      Locals:         2       0       0       0       0       0       0
      Temps:          4       0       0       0       0       0       0
      Totals:         8       0       0       0       0       0       0
Total ram usage:        8 bytes
 Hardware stack levels used:    1
 Hardware stack levels required when called:    1
 This function calls:
		_isupper
 This function is called by:
		_efgtoa
		_vfpfcnvrt
 This function uses a non-reentrant model


 *************** function _isupper *****************
 Defined at:
		line 5 in file "C:\Program Files\Microchip\xc8\v2.30\pic\sources\c99\common\isupper.c"
 Parameters:    Size  Location     Type
  c               2    0[COMRAM] int 
 Auto vars:     Size  Location     Type
		None
 Return value:  Size  Location     Type
                  2    0[COMRAM] int 
 Registers used:
		wreg, status,2, status,0
 Tracked objects:
		On entry : 
		On exit  : 
		Unchanged: 
 Data sizes:     COMRAM   BANK0   BANK1   BANK2   BANK3   BANK4   BANK5
      Params:         2       0       0       0       0       0       0
      Locals:         0       0       0       0       0       0       0
      Temps:          4       0       0       0       0       0       0
      Totals:         6       0       0       0       0       0       0
Total ram usage:        6 bytes
 Hardware stack levels used:    1
 This function calls:
		Nothing
 This function is called by:
		_efgtoa
		_xtoa
		_vfpfcnvrt
		_tolower
 This function uses a non-reentrant model


 *************** function _strcpy *****************
 Defined at:
		line 3 in file "C:\Program Files\Microchip\xc8\v2.30\pic\sources\c99\common\strcpy.c"
 Parameters:    Size  Location     Type
  dest            2    0[COMRAM] PTR unsigned char 
		 -> dbuf(80), 
  src             2    2[COMRAM] PTR const unsigned char 
		 -> STR_12(4), STR_11(4), STR_8(4), STR_7(4), 
		 -> dbuf(80), 
 Auto vars:     Size  Location     Type
  d               2    8[COMRAM] PTR unsigned char 
		 -> dbuf(80), 
  s               2    6[COMRAM] PTR const unsigned char 
		 -> STR_12(4), STR_11(4), STR_8(4), STR_7(4), 
		 -> dbuf(80), 
 Return value:  Size  Location     Type
                  2    0[COMRAM] PTR unsigned char 
 Registers used:
		wreg, fsr1l, fsr1h, fsr2l, fsr2h, status,2, status,0, tblptrl, tblptrh, tblptru
 Tracked objects:
		On entry : 
		On exit  : 
		Unchanged: 
 Data sizes:     COMRAM   BANK0   BANK1   BANK2   BANK3   BANK4   BANK5
      Params:         4       0       0       0       0       0       0
      Locals:         4       0       0       0       0       0       0
      Temps:          2       0       0       0       0       0       0
      Totals:        10       0       0       0       0       0       0
Total ram usage:       10 bytes
 Hardware stack levels used:    1
 This function calls:
		Nothing
 This function is called by:
		_efgtoa
 This function uses a non-reentrant model


 *************** function _floorf *****************
 Defined at:
		line 3 in file "C:\Program Files\Microchip\xc8\v2.30\pic\sources\c99\common\floorf.c"
 Parameters:    Size  Location     Type
  x               4   25[COMRAM] float 
 Auto vars:     Size  Location     Type
  u               4   41[COMRAM] struct .
  m               4   35[COMRAM] unsigned long 
  e               2   39[COMRAM] int 
 Return value:  Size  Location     Type
                  4   25[COMRAM] float 
 Registers used:
		wreg, status,2, status,0
 Tracked objects:
		On entry : 
		On exit  : 
		Unchanged: 
 Data sizes:     COMRAM   BANK0   BANK1   BANK2   BANK3   BANK4   BANK5
      Params:         4       0       0       0       0       0       0
      Locals:        10       0       0       0       0       0       0
      Temps:          6       0       0       0       0       0       0
      Totals:        20       0       0       0       0       0       0
Total ram usage:       20 bytes
 Hardware stack levels used:    1
 This function calls:
		Nothing
 This function is called by:
		_efgtoa
 This function uses a non-reentrant model


 *************** function ___fpclassifyf *****************
 Defined at:
		line 4 in file "C:\Program Files\Microchip\xc8\v2.30\pic\sources\c99\common\__fpclassifyf.c"
 Parameters:    Size  Location     Type
  x               4    0[COMRAM] float 
 Auto vars:     Size  Location     Type
  u               4   10[COMRAM] struct .
  e               2    8[COMRAM] int 
 Return value:  Size  Location     Type
                  2    0[COMRAM] int 
 Registers used:
		wreg, status,2, status,0
 Tracked objects:
		On entry : 
		On exit  : 
		Unchanged: 
 Data sizes:     COMRAM   BANK0   BANK1   BANK2   BANK3   BANK4   BANK5
      Params:         4       0       0       0       0       0       0
      Locals:         6       0       0       0       0       0       0
      Temps:          4       0       0       0       0       0       0
      Totals:        14       0       0       0       0       0       0
Total ram usage:       14 bytes
 Hardware stack levels used:    1
 This function calls:
		Nothing
 This function is called by:
		_efgtoa
 This function uses a non-reentrant model


 *************** function ___fltol *****************
 Defined at:
		line 43 in file "C:\Program Files\Microchip\xc8\v2.30\pic\sources\c99\common\fltol.c"
 Parameters:    Size  Location     Type
  f1              4    0[COMRAM] int 
[...]
 Data sizes:     COMRAM   BANK0   BANK1   BANK2   BANK3   BANK4   BANK5
      Params:         2       0       0       0       0       0       0
      Locals:         9       0       0       0       0       0       0
      Temps:          4       0       0       0       0       0       0
      Totals:        15       0       0       0       0       0       0
Total ram usage:       15 bytes
 Hardware stack levels used:    1
 Hardware stack levels required when called:    1
 This function calls:
		___wmul
		_isdigit
		_isspace
 This function is called by:
		_vfpfcnvrt
 This function uses a non-reentrant model


 *************** function _isspace *****************
 Defined at:
		line 5 in file "C:\Program Files\Microchip\xc8\v2.30\pic\sources\c99\common\isspace.c"
 Parameters:    Size  Location     Type
  c               2    0[COMRAM] int 
 Auto vars:     Size  Location     Type
		None
 Return value:  Size  Location     Type
                  2    0[COMRAM] int 
 Registers used:
		wreg, status,2, status,0
 Tracked objects:
		On entry : 
		On exit  : 
		Unchanged: 
 Data sizes:     COMRAM   BANK0   BANK1   BANK2   BANK3   BANK4   BANK5
      Params:         2       0       0       0       0       0       0
      Locals:         1       0       0       0       0       0       0
      Temps:          4       0       0       0       0       0       0
      Totals:         7       0       0       0       0       0       0
Total ram usage:        7 bytes
 Hardware stack levels used:    1
 This function calls:
		Nothing
 This function is called by:
		_atoi
 This function uses a non-reentrant model


 *************** function _isdigit *****************
 Defined at:
		line 5 in file "C:\Program Files\Microchip\xc8\v2.30\pic\sources\c99\common\isdigit.c"
 Parameters:    Size  Location     Type
  c               2    0[COMRAM] int 
 Auto vars:     Size  Location     Type
		None
 Return value:  Size  Location     Type
                  2    0[COMRAM] int 
 Registers used:
		wreg, status,2, status,0
 Tracked objects:
		On entry : 
		On exit  : 
		Unchanged: 
 Data sizes:     COMRAM   BANK0   BANK1   BANK2   BANK3   BANK4   BANK5
      Params:         2       0       0       0       0       0       0
      Locals:         0       0       0       0       0       0       0
      Temps:          4       0       0       0       0       0       0
      Totals:         6       0       0       0       0       0       0
Total ram usage:        6 bytes
 Hardware stack levels used:    1
 This function calls:
		Nothing
 This function is called by:
		_vfpfcnvrt
		_atoi
 This function uses a non-reentrant model


 *************** function ___wmul *****************
 Defined at:
		line 15 in file "C:\Program Files\Microchip\xc8\v2.30\pic\sources\c99\common\Umul16.c"
 Parameters:    Size  Location     Type
  multiplier      2    0[COMRAM] unsigned int 
  multiplicand    2    2[COMRAM] unsigned int 
 Auto vars:     Size  Location     Type
  product         2    4[COMRAM] unsigned int 
 Return value:  Size  Location     Type
                  2    0[COMRAM] unsigned int 
 Registers used:
		wreg, status,2, status,0, prodl, prodh
 Tracked objects:
		On entry : 
		On exit  : 
		Unchanged: 
 Data sizes:     COMRAM   BANK0   BANK1   BANK2   BANK3   BANK4   BANK5
      Params:         4       0       0       0       0       0       0
      Locals:         2       0       0       0       0       0       0
      Temps:          0       0       0       0       0       0       0
      Totals:         6       0       0       0       0       0       0
Total ram usage:        6 bytes
 Hardware stack levels used:    1
 This function calls:
		Nothing
 This function is called by:
		_atoi
 This function uses a non-reentrant model


 *************** function ___xxtofl *****************
 Defined at:
		line 10 in file "C:\Program Files\Microchip\xc8\v2.30\pic\sources\c99\common\xxtofl.c"
 Parameters:    Size  Location     Type
  sign            1    wreg     unsigned char 
  val             4    0[COMRAM] long 
 Auto vars:     Size  Location     Type
  sign            1    8[COMRAM] unsigned char 
  arg             4   10[COMRAM] unsigned long 
  exp             1    9[COMRAM] unsigned char 
 Return value:  Size  Location     Type
                  4    0[COMRAM] unsigned char 
 Registers used:
		wreg, status,2, status,0
 Tracked objects:
		On entry : 
		On exit  : 
		Unchanged: 
 Data sizes:     COMRAM   BANK0   BANK1   BANK2   BANK3   BANK4   BANK5
      Params:         4       0       0       0       0       0       0
      Locals:         6       0       0       0       0       0       0
      Temps:          4       0       0       0       0       0       0
      Totals:        14       0       0       0       0       0       0
Total ram usage:       14 bytes
 Hardware stack levels used:    1
 This function calls:
		Nothing
 This function is called by:
		_main
 This function uses a non-reentrant model


 *************** function _Lcd_Write_String *****************
 Defined at:
		line 103 in file "./lcd.h"
 Parameters:    Size  Location     Type
  a               2    4[COMRAM] PTR unsigned char 
		 -> i(6), v(6), STR_4(2), STR_3(2), 
		 -> STR_2(11), STR_1(11), 
 Auto vars:     Size  Location     Type
  i               2    8[COMRAM] int 
 Return value:  Size  Location     Type
                  1    wreg      void 
 Registers used:
		wreg, fsr1l, fsr1h, status,2, status,0, tblptrl, tblptrh, tblptru, cstack
 Tracked objects:
		On entry : 
		On exit  : 
		Unchanged: 
 Data sizes:     COMRAM   BANK0   BANK1   BANK2   BANK3   BANK4   BANK5
      Params:         2       0       0       0       0       0       0
      Locals:         2       0       0       0       0       0       0
      Temps:          2       0       0       0       0       0       0
      Totals:         6       0       0       0       0       0       0
Total ram usage:        6 bytes
 Hardware stack levels used:    1
 Hardware stack levels required when called:    2
 This function calls:
		_Lcd_Write_Char
 This function is called by:
		_main
 This function uses a non-reentrant model


 *************** function _Lcd_Write_Char *****************
 Defined at:
		line 87 in file "./lcd.h"
 Parameters:    Size  Location     Type
  a               1    wreg     unsigned char 
 Auto vars:     Size  Location     Type
  a               1    3[COMRAM] unsigned char 
  y               1    2[COMRAM] unsigned char 
  temp            1    1[COMRAM] unsigned char 
 Return value:  Size  Location     Type
                  1    wreg      void 
 Registers used:
		wreg, status,2, status,0, cstack
 Tracked objects:
		On entry : 
		On exit  : 
		Unchanged: 
 Data sizes:     COMRAM   BANK0   BANK1   BANK2   BANK3   BANK4   BANK5
      Params:         0       0       0       0       0       0       0
      Locals:         3       0       0       0       0       0       0
      Temps:          0       0       0       0       0       0       0
      Totals:         3       0       0       0       0       0       0
Total ram usage:        3 bytes
 Hardware stack levels used:    1
 Hardware stack levels required when called:    1
 This function calls:
		_Lcd_Port
 This function is called by:
		_Lcd_Write_String
 This function uses a non-reentrant model


 *************** function _Lcd_Set_Cursor *****************
 Defined at:
		line 47 in file "./lcd.h"
 Parameters:    Size  Location     Type
  a               1    wreg     unsigned char 
  b               1    3[COMRAM] unsigned char 
 Auto vars:     Size  Location     Type
  a               1    4[COMRAM] unsigned char 
  temp            1    7[COMRAM] unsigned char 
  y               1    6[COMRAM] unsigned char 
  z               1    5[COMRAM] unsigned char 
 Return value:  Size  Location     Type
                  1    wreg      void 
 Registers used:
		wreg, status,2, status,0, cstack
 Tracked objects:
		On entry : 
		On exit  : 
		Unchanged: 
 Data sizes:     COMRAM   BANK0   BANK1   BANK2   BANK3   BANK4   BANK5
      Params:         1       0       0       0       0       0       0
      Locals:         4       0       0       0       0       0       0
      Temps:          0       0       0       0       0       0       0
      Totals:         5       0       0       0       0       0       0
Total ram usage:        5 bytes
 Hardware stack levels used:    1
 Hardware stack levels required when called:    2
 This function calls:
		_Lcd_Cmd
 This function is called by:
		_main
 This function uses a non-reentrant model


 *************** function _Lcd_Init *****************
 Defined at:
		line 68 in file "./lcd.h"
 Parameters:    Size  Location     Type
		None
 Auto vars:     Size  Location     Type
		None
 Return value:  Size  Location     Type
                  1    wreg      void 
 Registers used:
		wreg, status,2, cstack
 Tracked objects:
		On entry : 
		On exit  : 
		Unchanged: 
 Data sizes:     COMRAM   BANK0   BANK1   BANK2   BANK3   BANK4   BANK5
      Params:         0       0       0       0       0       0       0
      Locals:         0       0       0       0       0       0       0
      Temps:          1       0       0       0       0       0       0
      Totals:         1       0       0       0       0       0       0
Total ram usage:        1 bytes
 Hardware stack levels used:    1
 Hardware stack levels required when called:    2
 This function calls:
		_Lcd_Cmd
		_Lcd_Port
 This function is called by:
		_main
 This function uses a non-reentrant model


 *************** function _Lcd_Cmd *****************
 Defined at:
		line 32 in file "./lcd.h"
 Parameters:    Size  Location     Type
  a               1    wreg     unsigned char 
 Auto vars:     Size  Location     Type
  a               1    2[COMRAM] unsigned char 
 Return value:  Size  Location     Type
                  1    wreg      void 
 Registers used:
		wreg, status,2, cstack
 Tracked objects:
		On entry : 
		On exit  : 
		Unchanged: 
 Data sizes:     COMRAM   BANK0   BANK1   BANK2   BANK3   BANK4   BANK5
      Params:         0       0       0       0       0       0       0
      Locals:         1       0       0       0       0       0       0
      Temps:          1       0       0       0       0       0       0
      Totals:         2       0       0       0       0       0       0
Total ram usage:        2 bytes
 Hardware stack levels used:    1
 Hardware stack levels required when called:    1
 This function calls:
		_Lcd_Port
 This function is called by:
		_Lcd_Set_Cursor
		_Lcd_Init
		_Lcd_Clear
		_Lcd_Shift_Right
		_Lcd_Shift_Left
 This function uses a non-reentrant model


 *************** function _Lcd_Port *****************
 Defined at:
		line 10 in file "./lcd.h"
 Parameters:    Size  Location     Type
  a               1    wreg     unsigned char 
 Auto vars:     Size  Location     Type
  a               1    0[COMRAM] unsigned char 
 Return value:  Size  Location     Type
                  1    wreg      void 
 Registers used:
		wreg
 Tracked objects:
		On entry : 
		On exit  : 
		Unchanged: 
 Data sizes:     COMRAM   BANK0   BANK1   BANK2   BANK3   BANK4   BANK5
      Params:         0       0       0       0       0       0       0
      Locals:         1       0       0       0       0       0       0
      Temps:          0       0       0       0       0       0       0
      Totals:         1       0       0       0       0       0       0
Total ram usage:        1 bytes
 Hardware stack levels used:    1
 This function calls:
		Nothing
 This function is called by:
		_Lcd_Cmd
		_Lcd_Init
		_Lcd_Write_Char
 This function uses a non-reentrant model



MODULE INFORMATION

Module		Function		Class		Link	Load	Size
C:\Program Files\Microchip\xc8\v2.30\pic\sources\c99\common\aomod.c
		___aomod       		CODE           	47F8	0000	356

C:\Program Files\Microchip\xc8\v2.30\pic\sources\c99\common\aomod.c estimated size: 356

C:\Program Files\Microchip\xc8\v2.30\pic\sources\c99\common\sprcmul.c
		___flmul       		CODE           	2C26	0000	1066

C:\Program Files\Microchip\xc8\v2.30\pic\sources\c99\common\sprcmul.c estimated size: 1066

C:\Program Files\Microchip\xc8\v2.30\pic\sources\c99\common\sprcdiv.c
		___fldiv       		CODE           	3050	0000	922

C:\Program Files\Microchip\xc8\v2.30\pic\sources\c99\common\sprcdiv.c estimated size: 922

C:\Program Files\Microchip\xc8\v2.30\pic\sources\c99\common\__fpclassifyf.c
		___fpclassifyf 		CODE           	4D9C	0000	254

C:\Program Files\Microchip\xc8\v2.30\pic\sources\c99\common\__fpclassifyf.c estimated size: 254

C:\Program Files\Microchip\xc8\v2.30\pic\sources\c99\common\abs.c
		_abs           		CODE           	592E	0000	64

C:\Program Files\Microchip\xc8\v2.30\pic\sources\c99\common\abs.c estimated size: 64

C:\Program Files\Microchip\xc8\v2.30\pic\sources\c99\common\awmod.c
		___awmod       		CODE           	5386	0000	176

C:\Program Files\Microchip\xc8\v2.30\pic\sources\c99\common\awmod.c estimated size: 176

C:\Program Files\Microchip\xc8\v2.30\pic\sources\c99\common\doprnt.c
		_vfpfcnvrt     		CODE           	0664	0000	5290
		_efgtoa        		CODE           	1B0E	0000	3160
		_pad           		CODE           	51FC	0000	198
		_ctoa          		CODE           	4F8A	0000	216
		_dtoa          		CODE           	33EA	0000	740
		_vfprintf      		CODE           	5638	0000	98
		_otoa          		CODE           	3FB6	0000	496
		_stoa          		CODE           	4672	0000	390
		_utoa          		CODE           	3BBA	0000	516
		_xtoa          		CODE           	36CE	0000	730

C:\Program Files\Microchip\xc8\v2.30\pic\sources\c99\common\doprnt.c estimated size: 11834

C:\Program Files\Microchip\xc8\v2.30\pic\sources\c99\common\atoi.c
		_atoi          		CODE           	435A	0000	400

C:\Program Files\Microchip\xc8\v2.30\pic\sources\c99\common\atoi.c estimated size: 400

C:\Program Files\Microchip\xc8\v2.30\pic\sources\c99\common\fleq.c
		___fleq        		CODE           	5436	0000	170

C:\Program Files\Microchip\xc8\v2.30\pic\sources\c99\common\fleq.c estimated size: 170

C:\Program Files\Microchip\xc8\v2.30\pic\sources\c99\common\putch.c
		_putch         		CODE           	5B76	0000	2

C:\Program Files\Microchip\xc8\v2.30\pic\sources\c99\common\putch.c estimated size: 2

C:\Program Files\Microchip\xc8\v2.30\pic\sources\c99\common\isdigit.c
		_isdigit       		CODE           	5A52	0000	56

C:\Program Files\Microchip\xc8\v2.30\pic\sources\c99\common\isdigit.c estimated size: 56

C:\Program Files\Microchip\xc8\v2.30\pic\sources\c99\common\nf_fputs.c
		_fputs         		CODE           	58A8	0000	68

C:\Program Files\Microchip\xc8\v2.30\pic\sources\c99\common\nf_fputs.c estimated size: 68

C:\Program Files\Microchip\xc8\v2.30\pic\sources\c99\common\Umul16.c
		___wmul        		CODE           	5B28	0000	38

C:\Program Files\Microchip\xc8\v2.30\pic\sources\c99\common\Umul16.c estimated size: 38

./lcd.h
		_Lcd_Write_String		CODE           	54E0	0000	126
		_Lcd_Init      		CODE           	555E	0000	116
		_Lcd_Write_Char		CODE           	5A8A	0000	56
		_Lcd_Cmd       		CODE           	5B4E	0000	32
		_Lcd_Set_Cursor		CODE           	55D2	0000	102
		_Lcd_Port      		CODE           	57B4	0000	92

./lcd.h estimated size: 524

C:\Program Files\Microchip\xc8\v2.30\pic\sources\c99\common\lodiv.c
		___lodiv       		CODE           	4E9A	0000	240

C:\Program Files\Microchip\xc8\v2.30\pic\sources\c99\common\lodiv.c estimated size: 240

C:\Program Files\Microchip\xc8\v2.30\pic\sources\c99\common\aodiv.c
		___aodiv       		CODE           	44EA	0000	392

C:\Program Files\Microchip\xc8\v2.30\pic\sources\c99\common\aodiv.c estimated size: 392

C:\Program Files\Microchip\xc8\v2.30\pic\sources\c99\common\sprcadd.c
		___flsub       		CODE           	5862	0000	70
		___fladd       		CODE           	2766	0000	1216

C:\Program Files\Microchip\xc8\v2.30\pic\sources\c99\common\sprcadd.c estimated size: 1286

C:\Program Files\Microchip\xc8\v2.30\pic\sources\c99\common\awdiv.c
		___awdiv       		CODE           	52C2	0000	196

C:\Program Files\Microchip\xc8\v2.30\pic\sources\c99\common\awdiv.c estimated size: 196

C:\Program Files\Microchip\xc8\v2.30\pic\sources\c99\common\fltol.c
		___fltol       		CODE           	4B92	0000	262

C:\Program Files\Microchip\xc8\v2.30\pic\sources\c99\common\fltol.c estimated size: 262

C:\Program Files\Microchip\xc8\v2.30\pic\sources\c99\common\snprintf.c
		_snprintf      		CODE           	5AF8	0000	48

C:\Program Files\Microchip\xc8\v2.30\pic\sources\c99\common\snprintf.c estimated size: 48

C:\Program Files\Microchip\xc8\v2.30\pic\sources\c99\common\isupper.c
		_isupper       		CODE           	59E2	0000	56

C:\Program Files\Microchip\xc8\v2.30\pic\sources\c99\common\isupper.c estimated size: 56

C:\Program Files\Microchip\xc8\v2.30\pic\sources\c99\common\xxtofl.c
		___xxtofl      		CODE           	41A6	0000	436

C:\Program Files\Microchip\xc8\v2.30\pic\sources\c99\common\xxtofl.c estimated size: 436

shared
		__initialization		CODE           	58EC	0000	56

shared estimated size: 56

C:\Program Files\Microchip\xc8\v2.30\pic\sources\c99\common\nf_fputc.c
		_fputc         		CODE           	5132	0000	202

C:\Program Files\Microchip\xc8\v2.30\pic\sources\c99\common\nf_fputc.c estimated size: 202

C:\Program Files\Microchip\xc8\v2.30\pic\sources\c99\common\flge.c
		___flge        		CODE           	4C98	0000	260

C:\Program Files\Microchip\xc8\v2.30\pic\sources\c99\common\flge.c estimated size: 260

C:\Program Files\Microchip\xc8\v2.30\pic\sources\c99\common\strlen.c
		_strlen        		CODE           	5AC2	0000	54

C:\Program Files\Microchip\xc8\v2.30\pic\sources\c99\common\strlen.c estimated size: 54

C:\Program Files\Microchip\xc8\v2.30\pic\sources\c99\common\floorf.c
		_floorf        		CODE           	39A8	0000	530

C:\Program Files\Microchip\xc8\v2.30\pic\sources\c99\common\floorf.c estimated size: 530

C:\Program Files\Microchip\xc8\v2.30\pic\sources\c99\common\islower.c
		_islower       		CODE           	59AA	0000	56

C:\Program Files\Microchip\xc8\v2.30\pic\sources\c99\common\islower.c estimated size: 56

C:\Program Files\Microchip\xc8\v2.30\pic\sources\c99\common\strcpy.c
		_strcpy        		CODE           	5758	0000	92

C:\Program Files\Microchip\xc8\v2.30\pic\sources\c99\common\strcpy.c estimated size: 92

C:\Program Files\Microchip\xc8\v2.30\pic\sources\c99\common\nf_vsnprintf.c
		_vsnprintf     		CODE           	495C	0000	284

C:\Program Files\Microchip\xc8\v2.30\pic\sources\c99\common\nf_vsnprintf.c estimated size: 284

C:\Program Files\Microchip\xc8\v2.30\pic\sources\c99\common\toupper.c
		_toupper       		CODE           	56FA	0000	94

C:\Program Files\Microchip\xc8\v2.30\pic\sources\c99\common\toupper.c estimated size: 94

C:\Program Files\Microchip\xc8\v2.30\pic\sources\c99\common\flneg.c
		___flneg       		CODE           	5A1A	0000	56

C:\Program Files\Microchip\xc8\v2.30\pic\sources\c99\common\flneg.c estimated size: 56

C:\Program Files\Microchip\xc8\v2.30\pic\sources\c99\common\isalpha.c
		_isalpha       		CODE           	596E	0000	60

C:\Program Files\Microchip\xc8\v2.30\pic\sources\c99\common\isalpha.c estimated size: 60

C:\Program Files\Microchip\xc8\v2.30\pic\sources\c99\common\isspace.c
		_isspace       		CODE           	5810	0000	82

C:\Program Files\Microchip\xc8\v2.30\pic\sources\c99\common\isspace.c estimated size: 82

main.c
		_main          		CODE           	3DBE	0000	504

main.c estimated size: 504

C:\Program Files\Microchip\xc8\v2.30\pic\sources\c99\common\lomod.c
		___lomod       		CODE           	5062	0000	208

C:\Program Files\Microchip\xc8\v2.30\pic\sources\c99\common\lomod.c estimated size: 208

C:\Program Files\Microchip\xc8\v2.30\pic\sources\c99\common\strncmp.c
		_strncmp       		CODE           	4A78	0000	282

C:\Program Files\Microchip\xc8\v2.30\pic\sources\c99\common\strncmp.c estimated size: 282

C:\Program Files\Microchip\xc8\v2.30\pic\sources\c99\common\tolower.c
		_tolower       		CODE           	569A	0000	96

C:\Program Files\Microchip\xc8\v2.30\pic\sources\c99\common\tolower.c estimated size: 96

